// Jest Snapshot v1, https://goo.gl/fbAQLP

exports[`TaskChapter-test MenuTask Snapshot zametki-ucheba 1`] = `
<Fragment>
  <li>
    <NavLink
      activeClassName="ActivePageLink"
      className="PageLink"
      exact={true}
      to="/chapter"
    >
       
      <svg
        aria-hidden="true"
        data-icon="folder"
        data-prefix="fas"
        focusable="false"
        role="img"
        viewBox="0 0 512 512"
        xmlns="http://www.w3.org/2000/svg"
      >
        <path
          d="M464 128H272l-64-64H48C21.49 64 0 85.49 0 112v288c0 26.51 21.49 48 48 48h416c26.51 0 48-21.49 48-48V176c0-26.51-21.49-48-48-48z"
          fill="currentColor"
        />
      </svg>
       Все 
    </NavLink>
  </li>
  <li>
    <NavLink
      activeClassName="ActivePageLink"
      className="PageLink"
      exact={true}
      to="/pin"
    >
       
      <svg
        aria-hidden="true"
        data-icon="thumbtack"
        data-prefix="fas"
        focusable="false"
        role="img"
        viewBox="0 0 384 512"
        xmlns="http://www.w3.org/2000/svg"
      >
        <path
          d="M298.028 214.267L285.793 96H328c13.255 0 24-10.745 24-24V24c0-13.255-10.745-24-24-24H56C42.745 0 32 10.745 32 24v48c0 13.255 10.745 24 24 24h42.207L85.972 214.267C37.465 236.82 0 277.261 0 328c0 13.255 10.745 24 24 24h136v104.007c0 1.242.289 2.467.845 3.578l24 48c2.941 5.882 11.364 5.893 14.311 0l24-48a8.008 8.008 0 0 0 .845-3.578V352h136c13.255 0 24-10.745 24-24-.001-51.183-37.983-91.42-85.973-113.733z"
          fill="currentColor"
        />
      </svg>
       Закрепленные 
    </NavLink>
  </li>
  <li
    key="0-test"
  >
    <NavLink
      activeClassName="ActivePageLink"
      className="PageLink"
      exact={true}
      key="0-test"
      to="/chapter/moi-zametki"
    >
      <svg
        aria-hidden="true"
        data-icon="folder"
        data-prefix="fas"
        focusable="false"
        role="img"
        viewBox="0 0 512 512"
        xmlns="http://www.w3.org/2000/svg"
      >
        <path
          d="M464 128H272l-64-64H48C21.49 64 0 85.49 0 112v288c0 26.51 21.49 48 48 48h416c26.51 0 48-21.49 48-48V176c0-26.51-21.49-48-48-48z"
          fill="currentColor"
        />
      </svg>
        
      Мои заметки
    </NavLink>
    <span
      className="openFormEditTaskCaption"
      onClick={[Function]}
    >
      <svg
        aria-hidden="true"
        className="ico-edit"
        data-icon="pen"
        data-prefix="fas"
        focusable="false"
        role="img"
        viewBox="0 0 512 512"
        xmlns="http://www.w3.org/2000/svg"
      >
        <path
          d="M290.74 93.24l128.02 128.02-277.99 277.99-114.14 12.6C11.35 513.54-1.56 500.62.14 485.34l12.7-114.22 277.9-277.88zm207.2-19.06l-60.11-60.11c-18.75-18.75-49.16-18.75-67.91 0l-56.55 56.55 128.02 128.02 56.55-56.55c18.75-18.76 18.75-49.16 0-67.91z"
          fill="currentColor"
        />
      </svg>
    </span>
    <span
      className="deleteChapter"
      onClick={[Function]}
    >
      <svg
        aria-hidden="true"
        className="ico-trash"
        data-icon="trash"
        data-prefix="fas"
        focusable="false"
        role="img"
        viewBox="0 0 448 512"
        xmlns="http://www.w3.org/2000/svg"
      >
        <path
          d="M432 32H312l-9.4-18.7A24 24 0 0 0 281.1 0H166.8a23.72 23.72 0 0 0-21.4 13.3L136 32H16A16 16 0 0 0 0 48v32a16 16 0 0 0 16 16h416a16 16 0 0 0 16-16V48a16 16 0 0 0-16-16zM53.2 467a48 48 0 0 0 47.9 45h245.8a48 48 0 0 0 47.9-45L416 128H32z"
          fill="currentColor"
        />
      </svg>
    </span>
  </li>
  <li
    key="1-test"
  >
    <NavLink
      activeClassName="ActivePageLink"
      className="PageLink"
      exact={true}
      key="1-test"
      to="/chapter/zametki-rabota"
    >
      <svg
        aria-hidden="true"
        data-icon="folder"
        data-prefix="fas"
        focusable="false"
        role="img"
        viewBox="0 0 512 512"
        xmlns="http://www.w3.org/2000/svg"
      >
        <path
          d="M464 128H272l-64-64H48C21.49 64 0 85.49 0 112v288c0 26.51 21.49 48 48 48h416c26.51 0 48-21.49 48-48V176c0-26.51-21.49-48-48-48z"
          fill="currentColor"
        />
      </svg>
        
      Заметки работа
    </NavLink>
    <span
      className="openFormEditTaskCaption"
      onClick={[Function]}
    >
      <svg
        aria-hidden="true"
        className="ico-edit"
        data-icon="pen"
        data-prefix="fas"
        focusable="false"
        role="img"
        viewBox="0 0 512 512"
        xmlns="http://www.w3.org/2000/svg"
      >
        <path
          d="M290.74 93.24l128.02 128.02-277.99 277.99-114.14 12.6C11.35 513.54-1.56 500.62.14 485.34l12.7-114.22 277.9-277.88zm207.2-19.06l-60.11-60.11c-18.75-18.75-49.16-18.75-67.91 0l-56.55 56.55 128.02 128.02 56.55-56.55c18.75-18.76 18.75-49.16 0-67.91z"
          fill="currentColor"
        />
      </svg>
    </span>
    <span
      className="deleteChapter"
      onClick={[Function]}
    >
      <svg
        aria-hidden="true"
        className="ico-trash"
        data-icon="trash"
        data-prefix="fas"
        focusable="false"
        role="img"
        viewBox="0 0 448 512"
        xmlns="http://www.w3.org/2000/svg"
      >
        <path
          d="M432 32H312l-9.4-18.7A24 24 0 0 0 281.1 0H166.8a23.72 23.72 0 0 0-21.4 13.3L136 32H16A16 16 0 0 0 0 48v32a16 16 0 0 0 16 16h416a16 16 0 0 0 16-16V48a16 16 0 0 0-16-16zM53.2 467a48 48 0 0 0 47.9 45h245.8a48 48 0 0 0 47.9-45L416 128H32z"
          fill="currentColor"
        />
      </svg>
    </span>
  </li>
  <li
    key="-MnosmgmdFWwUg_Qyj5o"
  >
    <NavLink
      activeClassName="ActivePageLink"
      className="PageLink"
      exact={true}
      key="-MnosmgmdFWwUg_Qyj5o"
      to="/chapter/zametki-ucheba"
    >
      <svg
        aria-hidden="true"
        data-icon="folder"
        data-prefix="fas"
        focusable="false"
        role="img"
        viewBox="0 0 512 512"
        xmlns="http://www.w3.org/2000/svg"
      >
        <path
          d="M464 128H272l-64-64H48C21.49 64 0 85.49 0 112v288c0 26.51 21.49 48 48 48h416c26.51 0 48-21.49 48-48V176c0-26.51-21.49-48-48-48z"
          fill="currentColor"
        />
      </svg>
        
      Заметки учеба
    </NavLink>
    <span
      className="openFormEditTaskCaption"
      onClick={[Function]}
    >
      <svg
        aria-hidden="true"
        className="ico-edit"
        data-icon="pen"
        data-prefix="fas"
        focusable="false"
        role="img"
        viewBox="0 0 512 512"
        xmlns="http://www.w3.org/2000/svg"
      >
        <path
          d="M290.74 93.24l128.02 128.02-277.99 277.99-114.14 12.6C11.35 513.54-1.56 500.62.14 485.34l12.7-114.22 277.9-277.88zm207.2-19.06l-60.11-60.11c-18.75-18.75-49.16-18.75-67.91 0l-56.55 56.55 128.02 128.02 56.55-56.55c18.75-18.76 18.75-49.16 0-67.91z"
          fill="currentColor"
        />
      </svg>
    </span>
    <span
      className="deleteChapter"
      onClick={[Function]}
    >
      <svg
        aria-hidden="true"
        className="ico-trash"
        data-icon="trash"
        data-prefix="fas"
        focusable="false"
        role="img"
        viewBox="0 0 448 512"
        xmlns="http://www.w3.org/2000/svg"
      >
        <path
          d="M432 32H312l-9.4-18.7A24 24 0 0 0 281.1 0H166.8a23.72 23.72 0 0 0-21.4 13.3L136 32H16A16 16 0 0 0 0 48v32a16 16 0 0 0 16 16h416a16 16 0 0 0 16-16V48a16 16 0 0 0-16-16zM53.2 467a48 48 0 0 0 47.9 45h245.8a48 48 0 0 0 47.9-45L416 128H32z"
          fill="currentColor"
        />
      </svg>
    </span>
  </li>
  <li
    key="-Mnot8F4fnIev0gGlnxg"
  >
    <NavLink
      activeClassName="ActivePageLink"
      className="PageLink"
      exact={true}
      key="-Mnot8F4fnIev0gGlnxg"
      to="/chapter/zametki-hobbi"
    >
      <svg
        aria-hidden="true"
        data-icon="folder"
        data-prefix="fas"
        focusable="false"
        role="img"
        viewBox="0 0 512 512"
        xmlns="http://www.w3.org/2000/svg"
      >
        <path
          d="M464 128H272l-64-64H48C21.49 64 0 85.49 0 112v288c0 26.51 21.49 48 48 48h416c26.51 0 48-21.49 48-48V176c0-26.51-21.49-48-48-48z"
          fill="currentColor"
        />
      </svg>
        
      Заметки хобби
    </NavLink>
    <span
      className="openFormEditTaskCaption"
      onClick={[Function]}
    >
      <svg
        aria-hidden="true"
        className="ico-edit"
        data-icon="pen"
        data-prefix="fas"
        focusable="false"
        role="img"
        viewBox="0 0 512 512"
        xmlns="http://www.w3.org/2000/svg"
      >
        <path
          d="M290.74 93.24l128.02 128.02-277.99 277.99-114.14 12.6C11.35 513.54-1.56 500.62.14 485.34l12.7-114.22 277.9-277.88zm207.2-19.06l-60.11-60.11c-18.75-18.75-49.16-18.75-67.91 0l-56.55 56.55 128.02 128.02 56.55-56.55c18.75-18.76 18.75-49.16 0-67.91z"
          fill="currentColor"
        />
      </svg>
    </span>
    <span
      className="deleteChapter"
      onClick={[Function]}
    >
      <svg
        aria-hidden="true"
        className="ico-trash"
        data-icon="trash"
        data-prefix="fas"
        focusable="false"
        role="img"
        viewBox="0 0 448 512"
        xmlns="http://www.w3.org/2000/svg"
      >
        <path
          d="M432 32H312l-9.4-18.7A24 24 0 0 0 281.1 0H166.8a23.72 23.72 0 0 0-21.4 13.3L136 32H16A16 16 0 0 0 0 48v32a16 16 0 0 0 16 16h416a16 16 0 0 0 16-16V48a16 16 0 0 0-16-16zM53.2 467a48 48 0 0 0 47.9 45h245.8a48 48 0 0 0 47.9-45L416 128H32z"
          fill="currentColor"
        />
      </svg>
    </span>
  </li>
  <li>
    <span
      className="openFormNewTaskCaption"
      onClick={[Function]}
    >
      <svg
        aria-hidden="true"
        data-icon="plus"
        data-prefix="fas"
        focusable="false"
        role="img"
        viewBox="0 0 448 512"
        xmlns="http://www.w3.org/2000/svg"
      >
        <path
          d="M416 208H272V64c0-17.67-14.33-32-32-32h-32c-17.67 0-32 14.33-32 32v144H32c-17.67 0-32 14.33-32 32v32c0 17.67 14.33 32 32 32h144v144c0 17.67 14.33 32 32 32h32c17.67 0 32-14.33 32-32V304h144c17.67 0 32-14.33 32-32v-32c0-17.67-14.33-32-32-32z"
          fill="currentColor"
        />
      </svg>
       Create new list
    </span>
  </li>
</Fragment>
`;
